// Jest Snapshot v1, https://goo.gl/fbAQLP

exports[`NAP Server initNAP 1`] = `
Object {
  "nap": nap {
    "errors": Array [],
    "session": null,
    "willCreateUser": [Function],
    "willGetFacebookProfile": [Function],
    "willInstallAndAuthen": [Function],
    "willLinkWithFacebook": [Function],
    "willLogin": [Function],
    "willLoginWithFacebook": [Function],
    "willLogout": [Function],
    "willResetPasswordViaEmail": [Function],
    "willSignUp": [Function],
    "willUnlinkFromFacebook": [Function],
    "willUpdateEmail": [Function],
    "willUpdatePassword": [Function],
    "willUpdatePasswordByToken": [Function],
  },
}
`;
