// Jest Snapshot v1, https://goo.gl/fbAQLP

exports[`NAP Server initNAP 1`] = `
Object {
  "nap": nap {
    "decodeToken": [Function],
    "errors": Array [],
    "loginWithFacebook": [Function],
    "notificationService": Object {
      "createNotification": [Function],
      "getNotification": [Function],
      "readNotification": [Function],
    },
    "session": null,
    "userEventHookService": [Function],
    "willChallengeEmail": [Function],
    "willCreateUser": [Function],
    "willDeleteUser": [Function],
    "willGetFacebookProfile": [Function],
    "willInstallAndAuthen": [Function],
    "willLinkWithFacebook": [Function],
    "willLogin": [Function],
    "willLoginWithFacebook": [Function],
    "willLogout": [Function],
    "willResetPasswordViaEmail": [Function],
    "willSendVerificationForUpdateEmail": [Function],
    "willSignUp": [Function],
    "willSignUpWithFacebookAndEmail": [Function],
    "willUnlinkFromFacebook": [Function],
    "willUpdateEmail": [Function],
    "willUpdatePassword": [Function],
    "willUpdatePasswordByToken": [Function],
    "willVerifyEmailByToken": [Function],
  },
}
`;
